#0 building with "default" instance using docker driver

#1 [internal] load .dockerignore
#1 transferring context: 437B done
#1 DONE 0.0s

#2 [internal] load build definition from Dockerfile
#2 transferring dockerfile: 1.20kB done
#2 DONE 0.0s

#3 resolve image config for docker.io/docker/dockerfile:1
#3 DONE 0.8s

#4 docker-image://docker.io/docker/dockerfile:1@sha256:4edf897a3ffa55b89f906fc8cc78afdb3f1834cc9c7083565e611a8a7d5fe99e
#4 CACHED

#5 [internal] load build definition from Dockerfile
#5 DONE 0.0s

#6 [internal] load metadata for docker.io/library/node:22-bookworm-slim
#6 DONE 0.6s

#7 [internal] load metadata for docker.io/library/golang:1.26-bookworm
#7 DONE 0.6s

#8 [internal] load .dockerignore
#8 DONE 0.0s

#9 [runtime 1/7] FROM docker.io/library/node:22-bookworm-slim@sha256:43ac6c60b8f89723f746e8a92ce91abd5017e627ce1ddfe4238355d3a30b772c
#9 DONE 0.0s

#10 [build 1/6] FROM docker.io/library/golang:1.26-bookworm@sha256:a688600ca24f8a4d3ca77f95b0dd40704a9fc787c826660eb7ba0b641b8b175d
#10 DONE 0.0s

#11 [internal] load build context
#11 transferring context: 879.50kB 0.1s done
#11 DONE 0.1s

#12 [build 2/6] WORKDIR /src
#12 CACHED

#13 [build 3/6] COPY go.mod go.sum ./
#13 CACHED

#14 [build 4/6] RUN go mod download
#14 DONE 28.7s

#15 [build 5/6] COPY . .
#15 DONE 0.2s

#16 [build 6/6] RUN SWARM_VERSION="devel"     SWARM_COMMIT="8d1e223053d7c047bde94276ea3094bd748c82f5"     SWARM_MODIFIED="true"     SWARM_BUILD_DATE="2026-10-02T19:07:06Z"     sh ./build.sh /out/swarm
#16 DONE 32.6s

#17 [runtime 2/7] RUN apt-get update && apt-get install -y --no-install-recommends     ca-certificates git python3 curl procps     && rm -rf /var/lib/apt/lists/*     && groupmod --new-name swarm node     && usermod --login swarm --home /home/swarm --move-home node
#17 CACHED

#18 [runtime 3/7] COPY --from=build /out/swarm /usr/local/bin/swarm
#18 DONE 0.1s

#19 [runtime 4/7] COPY deploy/entrypoint.sh /usr/local/bin/swarm-entrypoint
#19 DONE 0.0s

#20 [runtime 5/7] COPY LICENSE THIRD_PARTY_NOTICES.md /usr/share/doc/swarm/
#20 DONE 0.0s

#21 [runtime 6/7] RUN chmod 755 /usr/local/bin/swarm-entrypoint
#21 DONE 0.3s

#22 [runtime 7/7] WORKDIR /workspace
#22 DONE 0.0s

#23 exporting to image
#23 exporting layers
#23 exporting layers 0.2s done
#23 writing image sha256:7f40f2b3c5b788473e5f02da92461c86afad7cef991350f0c0c3daf1c16bd178 done
#23 naming to docker.io/library/swarm-version-combined:local done
#23 DONE 0.3s
